the the the the 
this this this
zero zero 